// Jest Snapshot v1, https://goo.gl/fbAQLP

exports[`BouncingDots it renders BouncingDots successfully 1`] = `
<View
  style={
    {
      "alignItems": "center",
      "flexDirection": "row",
      "justifyContent": "center",
    }
  }
>
  <View
    collapsable={false}
    style={
      {
        "backgroundColor": "#fddab6",
        "borderRadius": 5,
        "height": 20,
        "marginHorizontal": 5,
        "transform": [
          {
            "translateY": 0,
          },
        ],
        "width": 20,
      }
    }
  />
  <View
    collapsable={false}
    style={
      {
        "backgroundColor": "#ff9b5d",
        "borderRadius": 5,
        "height": 20,
        "marginHorizontal": 5,
        "transform": [
          {
            "translateY": 0,
          },
        ],
        "width": 20,
      }
    }
  />
  <View
    collapsable={false}
    style={
      {
        "backgroundColor": "#ff6d1c",
        "borderRadius": 5,
        "height": 20,
        "marginHorizontal": 5,
        "transform": [
          {
            "translateY": 0,
          },
        ],
        "width": 20,
      }
    }
  />
</View>
`;
