// Jest Snapshot v1, https://goo.gl/fbAQLP

exports[`Text it renders Text successfully 1`] = `
<Text
  style={
    [
      {
        "color": "#888",
        "fontFamily": "Montserrat_400Regular",
        "fontSize": 24,
      },
      undefined,
    ]
  }
>
  Hello
</Text>
`;

exports[`View it renders Text successfully 1`] = `
<View
  style={
    [
      {
        "backgroundColor": "inherit",
      },
      undefined,
    ]
  }
>
  Hello
</View>
`;

exports[`View it renders View successfully 1`] = `
<View
  style={
    [
      {
        "backgroundColor": "inherit",
      },
      undefined,
    ]
  }
>
  Hello
</View>
`;
